Component: ARM Compiler 5.06 update 6 (build 750) Tool: armlink [4d35ed]

==============================================================================

Section Cross References

    startup_stm32f10x_hd.o(RESET) refers to startup_stm32f10x_hd.o(.text) for Reset_Handler
    startup_stm32f10x_hd.o(RESET) refers to stm32f10x_it.o(.text) for NMI_Handler
    startup_stm32f10x_hd.o(.text) refers to startup_stm32f10x_hd.o(STACK) for __initial_sp
    startup_stm32f10x_hd.o(.text) refers to entry.o(.ARM.Collect$$$$00000000) for __main
    main.o(.text) refers to dfltui.o(.text) for __aeabi_ui2d
    main.o(.text) refers to dmul.o(.text) for __aeabi_dmul
    main.o(.text) refers to dadd.o(.text) for __aeabi_dadd
    main.o(.text) refers to putc.o(i.putc) for putc
    main.o(.text) refers to memcpya.o(.text) for __aeabi_memcpy4
    main.o(.text) refers to dfixi.o(.text) for __aeabi_d2iz
    main.o(.text) refers to system_stm32f10x.o(.text) for SystemInit
    main.o(.text) refers to usart1.o(.text) for USART1_Config
    main.o(.text) refers to adc.o(.text) for ADC1_Init
    main.o(.text) refers to ddiv.o(.text) for __aeabi_ddiv
    main.o(.text) refers to dfixui.o(.text) for __aeabi_d2uiz
    main.o(.text) refers to stdout.o(.data) for __stdout
    main.o(.text) refers to adc.o(.data) for ADC_ConvertedValue
    main.o(.text) refers to main.o(.constdata) for tem_table
    usart1.o(.text) refers to stm32f10x_rcc.o(.text) for RCC_APB2PeriphClockCmd
    usart1.o(.text) refers to stm32f10x_gpio.o(.text) for GPIO_Init
    usart1.o(.text) refers to stm32f10x_usart.o(.text) for USART_Init
    adc.o(.text) refers to stm32f10x_rcc.o(.text) for RCC_APB2PeriphClockCmd
    adc.o(.text) refers to stm32f10x_gpio.o(.text) for GPIO_Init
    adc.o(.text) refers to stm32f10x_dma.o(.text) for DMA_DeInit
    adc.o(.text) refers to stm32f10x_adc.o(.text) for ADC_Init
    adc.o(.text) refers to adc.o(.data) for ADC_ConvertedValue
    stm32f10x_gpio.o(.text) refers to stm32f10x_rcc.o(.text) for RCC_APB2PeriphResetCmd
    stm32f10x_rcc.o(.text) refers to stm32f10x_rcc.o(.data) for APBAHBPrescTable
    stm32f10x_usart.o(.text) refers to stm32f10x_rcc.o(.text) for RCC_APB2PeriphResetCmd
    stm32f10x_adc.o(.text) refers to stm32f10x_rcc.o(.text) for RCC_APB2PeriphResetCmd
    entry.o(.ARM.Collect$$$$00000000) refers (Special) to entry10a.o(.ARM.Collect$$$$0000000D) for __rt_final_cpp
    entry.o(.ARM.Collect$$$$00000000) refers (Special) to entry11a.o(.ARM.Collect$$$$0000000F) for __rt_final_exit
    entry.o(.ARM.Collect$$$$00000000) refers (Special) to entry7b.o(.ARM.Collect$$$$00000008) for _main_clock
    entry.o(.ARM.Collect$$$$00000000) refers (Special) to entry8b.o(.ARM.Collect$$$$0000000A) for _main_cpp_init
    entry.o(.ARM.Collect$$$$00000000) refers (Special) to entry9a.o(.ARM.Collect$$$$0000000B) for _main_init
    entry.o(.ARM.Collect$$$$00000000) refers (Special) to entry5.o(.ARM.Collect$$$$00000004) for _main_scatterload
    entry.o(.ARM.Collect$$$$00000000) refers (Special) to entry2.o(.ARM.Collect$$$$00000001) for _main_stk
    putc.o(i.putc) refers to usart1.o(.text) for fputc
    dadd.o(.text) refers (Special) to iusefp.o(.text) for __I$use$fp
    dadd.o(.text) refers to llshl.o(.text) for __aeabi_llsl
    dadd.o(.text) refers to llsshr.o(.text) for __aeabi_lasr
    dadd.o(.text) refers to depilogue.o(.text) for _double_epilogue
    dmul.o(.text) refers (Special) to iusefp.o(.text) for __I$use$fp
    dmul.o(.text) refers to depilogue.o(.text) for _double_epilogue
    ddiv.o(.text) refers (Special) to iusefp.o(.text) for __I$use$fp
    ddiv.o(.text) refers to depilogue.o(.text) for _double_round
    dfltui.o(.text) refers (Special) to iusefp.o(.text) for __I$use$fp
    dfltui.o(.text) refers to depilogue.o(.text) for _double_epilogue
    dfixi.o(.text) refers (Special) to iusefp.o(.text) for __I$use$fp
    dfixi.o(.text) refers to llushr.o(.text) for __aeabi_llsr
    dfixui.o(.text) refers (Special) to iusefp.o(.text) for __I$use$fp
    dfixui.o(.text) refers to llushr.o(.text) for __aeabi_llsr
    entry2.o(.ARM.Collect$$$$00000001) refers to entry2.o(.ARM.Collect$$$$00002712) for __lit__00000000
    entry2.o(.ARM.Collect$$$$00002712) refers to startup_stm32f10x_hd.o(STACK) for __initial_sp
    entry2.o(__vectab_stack_and_reset_area) refers to startup_stm32f10x_hd.o(STACK) for __initial_sp
    entry2.o(__vectab_stack_and_reset_area) refers to entry.o(.ARM.Collect$$$$00000000) for __main
    entry5.o(.ARM.Collect$$$$00000004) refers to init.o(.text) for __scatterload
    entry9a.o(.ARM.Collect$$$$0000000B) refers to main.o(.text) for main
    entry9b.o(.ARM.Collect$$$$0000000C) refers to main.o(.text) for main
    depilogue.o(.text) refers to llshl.o(.text) for __aeabi_llsl
    depilogue.o(.text) refers to llushr.o(.text) for __aeabi_llsr
    init.o(.text) refers to entry5.o(.ARM.Collect$$$$00000004) for __main_after_scatterload


==============================================================================

Removing Unused input sections from the image.

    Removing startup_stm32f10x_hd.o(HEAP), (0 bytes).
    Removing stm32f10x_flash.o(.text), (1324 bytes).
    Removing core_cm3.o(.emb_text), (32 bytes).
    Removing system_stm32f10x.o(.constdata), (20 bytes).

4 unused section(s) (total 1376 bytes) removed from the image.

==============================================================================

Image Symbol Table

    Local Symbols

    Symbol Name                              Value     Ov Type        Size  Object(Section)

    ../clib/microlib/init/entry.s            0x00000000   Number         0  entry10a.o ABSOLUTE
    ../clib/microlib/init/entry.s            0x00000000   Number         0  entry9b.o ABSOLUTE
    ../clib/microlib/init/entry.s            0x00000000   Number         0  entry11a.o ABSOLUTE
    ../clib/microlib/init/entry.s            0x00000000   Number         0  entry10b.o ABSOLUTE
    ../clib/microlib/init/entry.s            0x00000000   Number         0  entry2.o ABSOLUTE
    ../clib/microlib/init/entry.s            0x00000000   Number         0  entry.o ABSOLUTE
    ../clib/microlib/init/entry.s            0x00000000   Number         0  entry5.o ABSOLUTE
    ../clib/microlib/init/entry.s            0x00000000   Number         0  entry7a.o ABSOLUTE
    ../clib/microlib/init/entry.s            0x00000000   Number         0  entry7b.o ABSOLUTE
    ../clib/microlib/init/entry.s            0x00000000   Number         0  entry8a.o ABSOLUTE
    ../clib/microlib/init/entry.s            0x00000000   Number         0  entry8b.o ABSOLUTE
    ../clib/microlib/init/entry.s            0x00000000   Number         0  entry9a.o ABSOLUTE
    ../clib/microlib/init/entry.s            0x00000000   Number         0  entry11b.o ABSOLUTE
    ../clib/microlib/longlong.c              0x00000000   Number         0  llsshr.o ABSOLUTE
    ../clib/microlib/longlong.c              0x00000000   Number         0  llushr.o ABSOLUTE
    ../clib/microlib/longlong.c              0x00000000   Number         0  llshl.o ABSOLUTE
    ../clib/microlib/stdio/putc.c            0x00000000   Number         0  putc.o ABSOLUTE
    ../clib/microlib/stdio/streams.c         0x00000000   Number         0  stdout.o ABSOLUTE
    ../clib/microlib/string/memcpy.c         0x00000000   Number         0  memcpyb.o ABSOLUTE
    ../clib/microlib/string/memcpy.c         0x00000000   Number         0  memcpya.o ABSOLUTE
    ../clib/microlib/stubs.s                 0x00000000   Number         0  iusefp.o ABSOLUTE
    ../fplib/microlib/fpadd.c                0x00000000   Number         0  dadd.o ABSOLUTE
    ../fplib/microlib/fpdiv.c                0x00000000   Number         0  ddiv.o ABSOLUTE
    ../fplib/microlib/fpepilogue.c           0x00000000   Number         0  depilogue.o ABSOLUTE
    ../fplib/microlib/fpfix.c                0x00000000   Number         0  dfixui.o ABSOLUTE
    ../fplib/microlib/fpfix.c                0x00000000   Number         0  dfixi.o ABSOLUTE
    ../fplib/microlib/fpflt.c                0x00000000   Number         0  dfltui.o ABSOLUTE
    ../fplib/microlib/fpmul.c                0x00000000   Number         0  dmul.o ABSOLUTE
    ..\CMSIS\core_cm3.c                      0x00000000   Number         0  core_cm3.o ABSOLUTE
    ..\CMSIS\startup\startup_stm32f10x_hd.s  0x00000000   Number         0  startup_stm32f10x_hd.o ABSOLUTE
    ..\CMSIS\system_stm32f10x.c              0x00000000   Number         0  system_stm32f10x.o ABSOLUTE
    ..\FWlib\src\stm32f10x_adc.c             0x00000000   Number         0  stm32f10x_adc.o ABSOLUTE
    ..\FWlib\src\stm32f10x_dma.c             0x00000000   Number         0  stm32f10x_dma.o ABSOLUTE
    ..\FWlib\src\stm32f10x_flash.c           0x00000000   Number         0  stm32f10x_flash.o ABSOLUTE
    ..\FWlib\src\stm32f10x_gpio.c            0x00000000   Number         0  stm32f10x_gpio.o ABSOLUTE
    ..\FWlib\src\stm32f10x_rcc.c             0x00000000   Number         0  stm32f10x_rcc.o ABSOLUTE
    ..\FWlib\src\stm32f10x_usart.c           0x00000000   Number         0  stm32f10x_usart.o ABSOLUTE
    ..\\CMSIS\\core_cm3.c                    0x00000000   Number         0  core_cm3.o ABSOLUTE
    adc.c                                    0x00000000   Number         0  adc.o ABSOLUTE
    dc.s                                     0x00000000   Number         0  dc.o ABSOLUTE
    handlers.s                               0x00000000   Number         0  handlers.o ABSOLUTE
    init.s                                   0x00000000   Number         0  init.o ABSOLUTE
    main.c                                   0x00000000   Number         0  main.o ABSOLUTE
    stm32f10x_it.c                           0x00000000   Number         0  stm32f10x_it.o ABSOLUTE
    usart1.c                                 0x00000000   Number         0  usart1.o ABSOLUTE
    RESET                                    0x08000000   Section      304  startup_stm32f10x_hd.o(RESET)
    .ARM.Collect$$$$00000000                 0x08000130   Section        0  entry.o(.ARM.Collect$$$$00000000)
    .ARM.Collect$$$$00000001                 0x08000130   Section        4  entry2.o(.ARM.Collect$$$$00000001)
    .ARM.Collect$$$$00000004                 0x08000134   Section        4  entry5.o(.ARM.Collect$$$$00000004)
    .ARM.Collect$$$$00000008                 0x08000138   Section        0  entry7b.o(.ARM.Collect$$$$00000008)
    .ARM.Collect$$$$0000000A                 0x08000138   Section        0  entry8b.o(.ARM.Collect$$$$0000000A)
    .ARM.Collect$$$$0000000B                 0x08000138   Section        8  entry9a.o(.ARM.Collect$$$$0000000B)
    .ARM.Collect$$$$0000000D                 0x08000140   Section        0  entry10a.o(.ARM.Collect$$$$0000000D)
    .ARM.Collect$$$$0000000F                 0x08000140   Section        0  entry11a.o(.ARM.Collect$$$$0000000F)
    .ARM.Collect$$$$00002712                 0x08000140   Section        4  entry2.o(.ARM.Collect$$$$00002712)
    __lit__00000000                          0x08000140   Data           4  entry2.o(.ARM.Collect$$$$00002712)
    .text                                    0x08000144   Section       48  startup_stm32f10x_hd.o(.text)
    .text                                    0x08000174   Section        0  main.o(.text)
    .text                                    0x08000490   Section        0  stm32f10x_it.o(.text)
    .text                                    0x080004ac   Section        0  usart1.o(.text)
    .text                                    0x08000548   Section        0  adc.o(.text)
    .text                                    0x08000680   Section        0  stm32f10x_gpio.o(.text)
    .text                                    0x080009b0   Section        0  stm32f10x_rcc.o(.text)
    .text                                    0x08000d50   Section        0  stm32f10x_usart.o(.text)
    .text                                    0x080010c0   Section        0  stm32f10x_adc.o(.text)
    .text                                    0x080014f0   Section        0  stm32f10x_dma.o(.text)
    .text                                    0x08001730   Section        0  system_stm32f10x.o(.text)
    SetSysClockTo72                          0x08001731   Thumb Code   220  system_stm32f10x.o(.text)
    SetSysClock                              0x0800180d   Thumb Code     8  system_stm32f10x.o(.text)
    .text                                    0x08001868   Section        0  memcpya.o(.text)
    .text                                    0x0800188c   Section        0  dadd.o(.text)
    .text                                    0x080019da   Section        0  dmul.o(.text)
    .text                                    0x08001abe   Section        0  ddiv.o(.text)
    .text                                    0x08001b9c   Section        0  dfltui.o(.text)
    .text                                    0x08001bb6   Section        0  dfixi.o(.text)
    .text                                    0x08001bf4   Section        0  dfixui.o(.text)
    .text                                    0x08001c26   Section        0  llshl.o(.text)
    .text                                    0x08001c44   Section        0  llushr.o(.text)
    .text                                    0x08001c64   Section        0  llsshr.o(.text)
    .text                                    0x08001c88   Section        0  iusefp.o(.text)
    .text                                    0x08001c88   Section        0  depilogue.o(.text)
    .text                                    0x08001d44   Section       36  init.o(.text)
    i.__scatterload_copy                     0x08001d68   Section       14  handlers.o(i.__scatterload_copy)
    i.__scatterload_null                     0x08001d76   Section        2  handlers.o(i.__scatterload_null)
    i.__scatterload_zeroinit                 0x08001d78   Section       14  handlers.o(i.__scatterload_zeroinit)
    i.putc                                   0x08001d86   Section        0  putc.o(i.putc)
    .constdata                               0x08001d8c   Section    99812  main.o(.constdata)
    .data                                    0x20000000   Section        4  adc.o(.data)
    .data                                    0x20000004   Section       20  stm32f10x_rcc.o(.data)
    APBAHBPrescTable                         0x20000004   Data          16  stm32f10x_rcc.o(.data)
    ADCPrescTable                            0x20000014   Data           4  stm32f10x_rcc.o(.data)
    .data                                    0x20000018   Section        4  stdout.o(.data)
    STACK                                    0x20000020   Section      512  startup_stm32f10x_hd.o(STACK)

    Global Symbols

    Symbol Name                              Value     Ov Type        Size  Object(Section)

    BuildAttributes$$THM_ISAv4$P$D$K$B$S$PE$A:L22UL41UL21$X:L11$S22US41US21$IEEE1$IW$USESV6$~STKCKD$USESV7$~SHL$OSPACE$ROPI$EBA8$MICROLIB$REQ8$PRES8$EABIv2 0x00000000   Number         0  anon$$obj.o ABSOLUTE
    __ARM_use_no_argv                        0x00000000   Number         0  main.o ABSOLUTE
    __cpp_initialize__aeabi_                  - Undefined Weak Reference
    __cxa_finalize                            - Undefined Weak Reference
    __decompress                              - Undefined Weak Reference
    _clock_init                               - Undefined Weak Reference
    _microlib_exit                            - Undefined Weak Reference
    __Vectors_Size                           0x00000130   Number         0  startup_stm32f10x_hd.o ABSOLUTE
    __Vectors                                0x08000000   Data           4  startup_stm32f10x_hd.o(RESET)
    __Vectors_End                            0x08000130   Data           0  startup_stm32f10x_hd.o(RESET)
    __main                                   0x08000131   Thumb Code     0  entry.o(.ARM.Collect$$$$00000000)
    _main_stk                                0x08000131   Thumb Code     0  entry2.o(.ARM.Collect$$$$00000001)
    _main_scatterload                        0x08000135   Thumb Code     0  entry5.o(.ARM.Collect$$$$00000004)
    __main_after_scatterload                 0x08000139   Thumb Code     0  entry5.o(.ARM.Collect$$$$00000004)
    _main_clock                              0x08000139   Thumb Code     0  entry7b.o(.ARM.Collect$$$$00000008)
    _main_cpp_init                           0x08000139   Thumb Code     0  entry8b.o(.ARM.Collect$$$$0000000A)
    _main_init                               0x08000139   Thumb Code     0  entry9a.o(.ARM.Collect$$$$0000000B)
    __rt_final_cpp                           0x08000141   Thumb Code     0  entry10a.o(.ARM.Collect$$$$0000000D)
    __rt_final_exit                          0x08000141   Thumb Code     0  entry11a.o(.ARM.Collect$$$$0000000F)
    SystemInit_ExtMemCtl                     0x08000145   Thumb Code     2  startup_stm32f10x_hd.o(.text)
    Reset_Handler                            0x08000147   Thumb Code    14  startup_stm32f10x_hd.o(.text)
    ADC1_2_IRQHandler                        0x08000167   Thumb Code     0  startup_stm32f10x_hd.o(.text)
    ADC3_IRQHandler                          0x08000167   Thumb Code     0  startup_stm32f10x_hd.o(.text)
    CAN1_RX1_IRQHandler                      0x08000167   Thumb Code     0  startup_stm32f10x_hd.o(.text)
    CAN1_SCE_IRQHandler                      0x08000167   Thumb Code     0  startup_stm32f10x_hd.o(.text)
    DMA1_Channel1_IRQHandler                 0x08000167   Thumb Code     0  startup_stm32f10x_hd.o(.text)
    DMA1_Channel2_IRQHandler                 0x08000167   Thumb Code     0  startup_stm32f10x_hd.o(.text)
    DMA1_Channel3_IRQHandler                 0x08000167   Thumb Code     0  startup_stm32f10x_hd.o(.text)
    DMA1_Channel4_IRQHandler                 0x08000167   Thumb Code     0  startup_stm32f10x_hd.o(.text)
    DMA1_Channel5_IRQHandler                 0x08000167   Thumb Code     0  startup_stm32f10x_hd.o(.text)
    DMA1_Channel6_IRQHandler                 0x08000167   Thumb Code     0  startup_stm32f10x_hd.o(.text)
    DMA1_Channel7_IRQHandler                 0x08000167   Thumb Code     0  startup_stm32f10x_hd.o(.text)
    DMA2_Channel1_IRQHandler                 0x08000167   Thumb Code     0  startup_stm32f10x_hd.o(.text)
    DMA2_Channel2_IRQHandler                 0x08000167   Thumb Code     0  startup_stm32f10x_hd.o(.text)
    DMA2_Channel3_IRQHandler                 0x08000167   Thumb Code     0  startup_stm32f10x_hd.o(.text)
    DMA2_Channel4_5_IRQHandler               0x08000167   Thumb Code     0  startup_stm32f10x_hd.o(.text)
    EXTI0_IRQHandler                         0x08000167   Thumb Code     0  startup_stm32f10x_hd.o(.text)
    EXTI15_10_IRQHandler                     0x08000167   Thumb Code     0  startup_stm32f10x_hd.o(.text)
    EXTI1_IRQHandler                         0x08000167   Thumb Code     0  startup_stm32f10x_hd.o(.text)
    EXTI2_IRQHandler                         0x08000167   Thumb Code     0  startup_stm32f10x_hd.o(.text)
    EXTI3_IRQHandler                         0x08000167   Thumb Code     0  startup_stm32f10x_hd.o(.text)
    EXTI4_IRQHandler                         0x08000167   Thumb Code     0  startup_stm32f10x_hd.o(.text)
    EXTI9_5_IRQHandler                       0x08000167   Thumb Code     0  startup_stm32f10x_hd.o(.text)
    FLASH_IRQHandler                         0x08000167   Thumb Code     0  startup_stm32f10x_hd.o(.text)
    FSMC_IRQHandler                          0x08000167   Thumb Code     0  startup_stm32f10x_hd.o(.text)
    I2C1_ER_IRQHandler                       0x08000167   Thumb Code     0  startup_stm32f10x_hd.o(.text)
    I2C1_EV_IRQHandler                       0x08000167   Thumb Code     0  startup_stm32f10x_hd.o(.text)
    I2C2_ER_IRQHandler                       0x08000167   Thumb Code     0  startup_stm32f10x_hd.o(.text)
    I2C2_EV_IRQHandler                       0x08000167   Thumb Code     0  startup_stm32f10x_hd.o(.text)
    PVD_IRQHandler                           0x08000167   Thumb Code     0  startup_stm32f10x_hd.o(.text)
    RCC_IRQHandler                           0x08000167   Thumb Code     0  startup_stm32f10x_hd.o(.text)
    RTCAlarm_IRQHandler                      0x08000167   Thumb Code     0  startup_stm32f10x_hd.o(.text)
    RTC_IRQHandler                           0x08000167   Thumb Code     0  startup_stm32f10x_hd.o(.text)
    SDIO_IRQHandler                          0x08000167   Thumb Code     0  startup_stm32f10x_hd.o(.text)
    SPI1_IRQHandler                          0x08000167   Thumb Code     0  startup_stm32f10x_hd.o(.text)
    SPI2_IRQHandler                          0x08000167   Thumb Code     0  startup_stm32f10x_hd.o(.text)
    SPI3_IRQHandler                          0x08000167   Thumb Code     0  startup_stm32f10x_hd.o(.text)
    TAMPER_IRQHandler                        0x08000167   Thumb Code     0  startup_stm32f10x_hd.o(.text)
    TIM1_BRK_IRQHandler                      0x08000167   Thumb Code     0  startup_stm32f10x_hd.o(.text)
    TIM1_CC_IRQHandler                       0x08000167   Thumb Code     0  startup_stm32f10x_hd.o(.text)
    TIM1_TRG_COM_IRQHandler                  0x08000167   Thumb Code     0  startup_stm32f10x_hd.o(.text)
    TIM1_UP_IRQHandler                       0x08000167   Thumb Code     0  startup_stm32f10x_hd.o(.text)
    TIM2_IRQHandler                          0x08000167   Thumb Code     0  startup_stm32f10x_hd.o(.text)
    TIM3_IRQHandler                          0x08000167   Thumb Code     0  startup_stm32f10x_hd.o(.text)
    TIM4_IRQHandler                          0x08000167   Thumb Code     0  startup_stm32f10x_hd.o(.text)
    TIM5_IRQHandler                          0x08000167   Thumb Code     0  startup_stm32f10x_hd.o(.text)
    TIM6_IRQHandler                          0x08000167   Thumb Code     0  startup_stm32f10x_hd.o(.text)
    TIM7_IRQHandler                          0x08000167   Thumb Code     0  startup_stm32f10x_hd.o(.text)
    TIM8_BRK_IRQHandler                      0x08000167   Thumb Code     0  startup_stm32f10x_hd.o(.text)
    TIM8_CC_IRQHandler                       0x08000167   Thumb Code     0  startup_stm32f10x_hd.o(.text)
    TIM8_TRG_COM_IRQHandler                  0x08000167   Thumb Code     0  startup_stm32f10x_hd.o(.text)
    TIM8_UP_IRQHandler                       0x08000167   Thumb Code     0  startup_stm32f10x_hd.o(.text)
    UART4_IRQHandler                         0x08000167   Thumb Code     0  startup_stm32f10x_hd.o(.text)
    UART5_IRQHandler                         0x08000167   Thumb Code     0  startup_stm32f10x_hd.o(.text)
    USART1_IRQHandler                        0x08000167   Thumb Code     0  startup_stm32f10x_hd.o(.text)
    USART2_IRQHandler                        0x08000167   Thumb Code     0  startup_stm32f10x_hd.o(.text)
    USART3_IRQHandler                        0x08000167   Thumb Code     0  startup_stm32f10x_hd.o(.text)
    USBWakeUp_IRQHandler                     0x08000167   Thumb Code     0  startup_stm32f10x_hd.o(.text)
    USB_HP_CAN1_TX_IRQHandler                0x08000167   Thumb Code     0  startup_stm32f10x_hd.o(.text)
    USB_LP_CAN1_RX0_IRQHandler               0x08000167   Thumb Code     0  startup_stm32f10x_hd.o(.text)
    WWDG_IRQHandler                          0x08000167   Thumb Code     0  startup_stm32f10x_hd.o(.text)
    Delay                                    0x08000175   Thumb Code    26  main.o(.text)
    nihe                                     0x0800018f   Thumb Code   272  main.o(.text)
    delay_us                                 0x0800029f   Thumb Code    30  main.o(.text)
    USART_puts                               0x080002bd   Thumb Code    26  main.o(.text)
    pagTemDataAndSend                        0x080002d7   Thumb Code    70  main.o(.text)
    main                                     0x0800031d   Thumb Code   270  main.o(.text)
    NMI_Handler                              0x08000491   Thumb Code     2  stm32f10x_it.o(.text)
    HardFault_Handler                        0x08000493   Thumb Code     4  stm32f10x_it.o(.text)
    MemManage_Handler                        0x08000497   Thumb Code     4  stm32f10x_it.o(.text)
    BusFault_Handler                         0x0800049b   Thumb Code     4  stm32f10x_it.o(.text)
    UsageFault_Handler                       0x0800049f   Thumb Code     4  stm32f10x_it.o(.text)
    SVC_Handler                              0x080004a3   Thumb Code     2  stm32f10x_it.o(.text)
    DebugMon_Handler                         0x080004a5   Thumb Code     2  stm32f10x_it.o(.text)
    PendSV_Handler                           0x080004a7   Thumb Code     2  stm32f10x_it.o(.text)
    SysTick_Handler                          0x080004a9   Thumb Code     2  stm32f10x_it.o(.text)
    USART1_Config                            0x080004ad   Thumb Code   114  usart1.o(.text)
    fputc                                    0x0800051f   Thumb Code    32  usart1.o(.text)
    ADC1_GPIO_Config                         0x08000549   Thumb Code    52  adc.o(.text)
    ADC1_Mode_Config                         0x0800057d   Thumb Code   232  adc.o(.text)
    ADC1_Init                                0x08000665   Thumb Code    12  adc.o(.text)
    GPIO_DeInit                              0x08000681   Thumb Code   188  stm32f10x_gpio.o(.text)
    GPIO_AFIODeInit                          0x0800073d   Thumb Code    20  stm32f10x_gpio.o(.text)
    GPIO_Init                                0x08000751   Thumb Code   278  stm32f10x_gpio.o(.text)
    GPIO_StructInit                          0x08000867   Thumb Code    16  stm32f10x_gpio.o(.text)
    GPIO_ReadInputDataBit                    0x08000877   Thumb Code    18  stm32f10x_gpio.o(.text)
    GPIO_ReadInputData                       0x08000889   Thumb Code     8  stm32f10x_gpio.o(.text)
    GPIO_ReadOutputDataBit                   0x08000891   Thumb Code    18  stm32f10x_gpio.o(.text)
    GPIO_ReadOutputData                      0x080008a3   Thumb Code     8  stm32f10x_gpio.o(.text)
    GPIO_SetBits                             0x080008ab   Thumb Code     4  stm32f10x_gpio.o(.text)
    GPIO_ResetBits                           0x080008af   Thumb Code     4  stm32f10x_gpio.o(.text)
    GPIO_WriteBit                            0x080008b3   Thumb Code    10  stm32f10x_gpio.o(.text)
    GPIO_Write                               0x080008bd   Thumb Code     4  stm32f10x_gpio.o(.text)
    GPIO_PinLockConfig                       0x080008c1   Thumb Code    18  stm32f10x_gpio.o(.text)
    GPIO_EventOutputConfig                   0x080008d3   Thumb Code    26  stm32f10x_gpio.o(.text)
    GPIO_EventOutputCmd                      0x080008ed   Thumb Code     6  stm32f10x_gpio.o(.text)
    GPIO_PinRemapConfig                      0x080008f3   Thumb Code   106  stm32f10x_gpio.o(.text)
    GPIO_EXTILineConfig                      0x0800095d   Thumb Code    66  stm32f10x_gpio.o(.text)
    RCC_DeInit                               0x080009b1   Thumb Code    62  stm32f10x_rcc.o(.text)
    RCC_HSEConfig                            0x080009ef   Thumb Code    70  stm32f10x_rcc.o(.text)
    RCC_GetFlagStatus                        0x08000a35   Thumb Code    56  stm32f10x_rcc.o(.text)
    RCC_WaitForHSEStartUp                    0x08000a6d   Thumb Code    54  stm32f10x_rcc.o(.text)
    RCC_AdjustHSICalibrationValue            0x08000aa3   Thumb Code    20  stm32f10x_rcc.o(.text)
    RCC_HSICmd                               0x08000ab7   Thumb Code     6  stm32f10x_rcc.o(.text)
    RCC_PLLConfig                            0x08000abd   Thumb Code    24  stm32f10x_rcc.o(.text)
    RCC_PLLCmd                               0x08000ad5   Thumb Code     6  stm32f10x_rcc.o(.text)
    RCC_SYSCLKConfig                         0x08000adb   Thumb Code    18  stm32f10x_rcc.o(.text)
    RCC_GetSYSCLKSource                      0x08000aed   Thumb Code    10  stm32f10x_rcc.o(.text)
    RCC_HCLKConfig                           0x08000af7   Thumb Code    18  stm32f10x_rcc.o(.text)
    RCC_PCLK1Config                          0x08000b09   Thumb Code    18  stm32f10x_rcc.o(.text)
    RCC_PCLK2Config                          0x08000b1b   Thumb Code    20  stm32f10x_rcc.o(.text)
    RCC_ITConfig                             0x08000b2f   Thumb Code    26  stm32f10x_rcc.o(.text)
    RCC_USBCLKConfig                         0x08000b49   Thumb Code     8  stm32f10x_rcc.o(.text)
    RCC_ADCCLKConfig                         0x08000b51   Thumb Code    18  stm32f10x_rcc.o(.text)
    RCC_LSEConfig                            0x08000b63   Thumb Code    50  stm32f10x_rcc.o(.text)
    RCC_LSICmd                               0x08000b95   Thumb Code     6  stm32f10x_rcc.o(.text)
    RCC_RTCCLKConfig                         0x08000b9b   Thumb Code    12  stm32f10x_rcc.o(.text)
    RCC_RTCCLKCmd                            0x08000ba7   Thumb Code     8  stm32f10x_rcc.o(.text)
    RCC_GetClocksFreq                        0x08000baf   Thumb Code   192  stm32f10x_rcc.o(.text)
    RCC_AHBPeriphClockCmd                    0x08000c6f   Thumb Code    26  stm32f10x_rcc.o(.text)
    RCC_APB2PeriphClockCmd                   0x08000c89   Thumb Code    26  stm32f10x_rcc.o(.text)
    RCC_APB1PeriphClockCmd                   0x08000ca3   Thumb Code    26  stm32f10x_rcc.o(.text)
    RCC_APB2PeriphResetCmd                   0x08000cbd   Thumb Code    26  stm32f10x_rcc.o(.text)
    RCC_APB1PeriphResetCmd                   0x08000cd7   Thumb Code    26  stm32f10x_rcc.o(.text)
    RCC_BackupResetCmd                       0x08000cf1   Thumb Code     8  stm32f10x_rcc.o(.text)
    RCC_ClockSecuritySystemCmd               0x08000cf9   Thumb Code     6  stm32f10x_rcc.o(.text)
    RCC_MCOConfig                            0x08000cff   Thumb Code     6  stm32f10x_rcc.o(.text)
    RCC_ClearFlag                            0x08000d05   Thumb Code    14  stm32f10x_rcc.o(.text)
    RCC_GetITStatus                          0x08000d13   Thumb Code    20  stm32f10x_rcc.o(.text)
    RCC_ClearITPendingBit                    0x08000d27   Thumb Code     6  stm32f10x_rcc.o(.text)
    USART_DeInit                             0x08000d51   Thumb Code   146  stm32f10x_usart.o(.text)
    USART_Init                               0x08000de3   Thumb Code   150  stm32f10x_usart.o(.text)
    USART_StructInit                         0x08000e79   Thumb Code    24  stm32f10x_usart.o(.text)
    USART_ClockInit                          0x08000e91   Thumb Code    34  stm32f10x_usart.o(.text)
    USART_ClockStructInit                    0x08000eb3   Thumb Code    12  stm32f10x_usart.o(.text)
    USART_Cmd                                0x08000ebf   Thumb Code    24  stm32f10x_usart.o(.text)
    USART_ITConfig                           0x08000ed7   Thumb Code    64  stm32f10x_usart.o(.text)
    USART_DMACmd                             0x08000f17   Thumb Code    18  stm32f10x_usart.o(.text)
    USART_SetAddress                         0x08000f29   Thumb Code    18  stm32f10x_usart.o(.text)
    USART_WakeUpConfig                       0x08000f3b   Thumb Code    18  stm32f10x_usart.o(.text)
    USART_ReceiverWakeUpCmd                  0x08000f4d   Thumb Code    24  stm32f10x_usart.o(.text)
    USART_LINBreakDetectLengthConfig         0x08000f65   Thumb Code    18  stm32f10x_usart.o(.text)
    USART_LINCmd                             0x08000f77   Thumb Code    24  stm32f10x_usart.o(.text)
    USART_SendData                           0x08000f8f   Thumb Code     8  stm32f10x_usart.o(.text)
    USART_ReceiveData                        0x08000f97   Thumb Code    10  stm32f10x_usart.o(.text)
    USART_SendBreak                          0x08000fa1   Thumb Code    10  stm32f10x_usart.o(.text)
    USART_SetGuardTime                       0x08000fab   Thumb Code    16  stm32f10x_usart.o(.text)
    USART_SetPrescaler                       0x08000fbb   Thumb Code    16  stm32f10x_usart.o(.text)
    USART_SmartCardCmd                       0x08000fcb   Thumb Code    24  stm32f10x_usart.o(.text)
    USART_SmartCardNACKCmd                   0x08000fe3   Thumb Code    24  stm32f10x_usart.o(.text)
    USART_HalfDuplexCmd                      0x08000ffb   Thumb Code    24  stm32f10x_usart.o(.text)
    USART_IrDAConfig                         0x08001013   Thumb Code    18  stm32f10x_usart.o(.text)
    USART_IrDACmd                            0x08001025   Thumb Code    24  stm32f10x_usart.o(.text)
    USART_GetFlagStatus                      0x0800103d   Thumb Code    18  stm32f10x_usart.o(.text)
    USART_ClearFlag                          0x0800104f   Thumb Code     6  stm32f10x_usart.o(.text)
    USART_GetITStatus                        0x08001055   Thumb Code    76  stm32f10x_usart.o(.text)
    USART_ClearITPendingBit                  0x080010a1   Thumb Code    20  stm32f10x_usart.o(.text)
    ADC_DeInit                               0x080010c1   Thumb Code    90  stm32f10x_adc.o(.text)
    ADC_Init                                 0x0800111b   Thumb Code    70  stm32f10x_adc.o(.text)
    ADC_StructInit                           0x08001161   Thumb Code    18  stm32f10x_adc.o(.text)
    ADC_Cmd                                  0x08001173   Thumb Code    22  stm32f10x_adc.o(.text)
    ADC_DMACmd                               0x08001189   Thumb Code    22  stm32f10x_adc.o(.text)
    ADC_ITConfig                             0x0800119f   Thumb Code    24  stm32f10x_adc.o(.text)
    ADC_ResetCalibration                     0x080011b7   Thumb Code    10  stm32f10x_adc.o(.text)
    ADC_GetResetCalibrationStatus            0x080011c1   Thumb Code    20  stm32f10x_adc.o(.text)
    ADC_StartCalibration                     0x080011d5   Thumb Code    10  stm32f10x_adc.o(.text)
    ADC_GetCalibrationStatus                 0x080011df   Thumb Code    20  stm32f10x_adc.o(.text)
    ADC_SoftwareStartConvCmd                 0x080011f3   Thumb Code    22  stm32f10x_adc.o(.text)
    ADC_GetSoftwareStartConvStatus           0x08001209   Thumb Code    20  stm32f10x_adc.o(.text)
    ADC_DiscModeChannelCountConfig           0x0800121d   Thumb Code    24  stm32f10x_adc.o(.text)
    ADC_DiscModeCmd                          0x08001235   Thumb Code    22  stm32f10x_adc.o(.text)
    ADC_RegularChannelConfig                 0x0800124b   Thumb Code   184  stm32f10x_adc.o(.text)
    ADC_ExternalTrigConvCmd                  0x08001303   Thumb Code    22  stm32f10x_adc.o(.text)
    ADC_GetConversionValue                   0x08001319   Thumb Code     8  stm32f10x_adc.o(.text)
    ADC_GetDualModeConversionValue           0x08001321   Thumb Code     6  stm32f10x_adc.o(.text)
    ADC_AutoInjectedConvCmd                  0x08001327   Thumb Code    22  stm32f10x_adc.o(.text)
    ADC_InjectedDiscModeCmd                  0x0800133d   Thumb Code    22  stm32f10x_adc.o(.text)
    ADC_ExternalTrigInjectedConvConfig       0x08001353   Thumb Code    16  stm32f10x_adc.o(.text)
    ADC_ExternalTrigInjectedConvCmd          0x08001363   Thumb Code    22  stm32f10x_adc.o(.text)
    ADC_SoftwareStartInjectedConvCmd         0x08001379   Thumb Code    22  stm32f10x_adc.o(.text)
    ADC_GetSoftwareStartInjectedConvCmdStatus 0x0800138f   Thumb Code    20  stm32f10x_adc.o(.text)
    ADC_InjectedChannelConfig                0x080013a3   Thumb Code   130  stm32f10x_adc.o(.text)
    ADC_InjectedSequencerLengthConfig        0x08001425   Thumb Code    24  stm32f10x_adc.o(.text)
    ADC_SetInjectedOffset                    0x0800143d   Thumb Code     4  stm32f10x_adc.o(.text)
    ADC_GetInjectedConversionValue           0x08001441   Thumb Code    10  stm32f10x_adc.o(.text)
    ADC_AnalogWatchdogCmd                    0x0800144b   Thumb Code    16  stm32f10x_adc.o(.text)
    ADC_AnalogWatchdogThresholdsConfig       0x0800145b   Thumb Code     6  stm32f10x_adc.o(.text)
    ADC_AnalogWatchdogSingleChannelConfig    0x08001461   Thumb Code    16  stm32f10x_adc.o(.text)
    ADC_TempSensorVrefintCmd                 0x08001471   Thumb Code    38  stm32f10x_adc.o(.text)
    ADC_GetFlagStatus                        0x08001497   Thumb Code    38  stm32f10x_adc.o(.text)
    ADC_ClearFlag                            0x080014bd   Thumb Code     6  stm32f10x_adc.o(.text)
    ADC_GetITStatus                          0x080014c3   Thumb Code    36  stm32f10x_adc.o(.text)
    ADC_ClearITPendingBit                    0x080014e7   Thumb Code    10  stm32f10x_adc.o(.text)
    DMA_DeInit                               0x080014f1   Thumb Code   306  stm32f10x_dma.o(.text)
    DMA_Init                                 0x08001623   Thumb Code    60  stm32f10x_dma.o(.text)
    DMA_StructInit                           0x0800165f   Thumb Code    26  stm32f10x_dma.o(.text)
    DMA_Cmd                                  0x08001679   Thumb Code    22  stm32f10x_dma.o(.text)
    DMA_ITConfig                             0x0800168f   Thumb Code    18  stm32f10x_dma.o(.text)
    DMA_GetCurrDataCounter                   0x080016a1   Thumb Code     8  stm32f10x_dma.o(.text)
    DMA_GetFlagStatus                        0x080016a9   Thumb Code    40  stm32f10x_dma.o(.text)
    DMA_ClearFlag                            0x080016d1   Thumb Code    20  stm32f10x_dma.o(.text)
    DMA_GetITStatus                          0x080016e5   Thumb Code    40  stm32f10x_dma.o(.text)
    DMA_ClearITPendingBit                    0x0800170d   Thumb Code    20  stm32f10x_dma.o(.text)
    SystemInit                               0x08001815   Thumb Code    68  system_stm32f10x.o(.text)
    __aeabi_memcpy                           0x08001869   Thumb Code    36  memcpya.o(.text)
    __aeabi_memcpy4                          0x08001869   Thumb Code     0  memcpya.o(.text)
    __aeabi_memcpy8                          0x08001869   Thumb Code     0  memcpya.o(.text)
    __aeabi_dadd                             0x0800188d   Thumb Code   322  dadd.o(.text)
    __aeabi_dsub                             0x080019cf   Thumb Code     6  dadd.o(.text)
    __aeabi_drsub                            0x080019d5   Thumb Code     6  dadd.o(.text)
    __aeabi_dmul                             0x080019db   Thumb Code   228  dmul.o(.text)
    __aeabi_ddiv                             0x08001abf   Thumb Code   222  ddiv.o(.text)
    __aeabi_ui2d                             0x08001b9d   Thumb Code    26  dfltui.o(.text)
    __aeabi_d2iz                             0x08001bb7   Thumb Code    62  dfixi.o(.text)
    __aeabi_d2uiz                            0x08001bf5   Thumb Code    50  dfixui.o(.text)
    __aeabi_llsl                             0x08001c27   Thumb Code    30  llshl.o(.text)
    _ll_shift_l                              0x08001c27   Thumb Code     0  llshl.o(.text)
    __aeabi_llsr                             0x08001c45   Thumb Code    32  llushr.o(.text)
    _ll_ushift_r                             0x08001c45   Thumb Code     0  llushr.o(.text)
    __aeabi_lasr                             0x08001c65   Thumb Code    36  llsshr.o(.text)
    _ll_sshift_r                             0x08001c65   Thumb Code     0  llsshr.o(.text)
    __I$use$fp                               0x08001c89   Thumb Code     0  iusefp.o(.text)
    _double_round                            0x08001c89   Thumb Code    30  depilogue.o(.text)
    _double_epilogue                         0x08001ca7   Thumb Code   156  depilogue.o(.text)
    __scatterload                            0x08001d45   Thumb Code    28  init.o(.text)
    __scatterload_rt2                        0x08001d45   Thumb Code     0  init.o(.text)
    __scatterload_copy                       0x08001d69   Thumb Code    14  handlers.o(i.__scatterload_copy)
    __scatterload_null                       0x08001d77   Thumb Code     2  handlers.o(i.__scatterload_null)
    __scatterload_zeroinit                   0x08001d79   Thumb Code    14  handlers.o(i.__scatterload_zeroinit)
    putc                                     0x08001d87   Thumb Code     4  putc.o(i.putc)
    tem_table                                0x08001d8c   Data       99812  main.o(.constdata)
    Region$$Table$$Base                      0x0801a370   Number         0  anon$$obj.o(Region$$Table)
    Region$$Table$$Limit                     0x0801a390   Number         0  anon$$obj.o(Region$$Table)
    ADC_ConvertedValue                       0x20000000   Data           4  adc.o(.data)
    __stdout                                 0x20000018   Data           4  stdout.o(.data)
    __initial_sp                             0x20000220   Data           0  startup_stm32f10x_hd.o(STACK)



==============================================================================

Memory Map of the image

  Image Entry point : 0x08000147

  Load Region LR_1 (Base: 0x08000000, Size: 0x0001a3ac, Max: 0xffffffff, ABSOLUTE)

    Execution Region ER_RO (Exec base: 0x08000000, Load base: 0x08000000, Size: 0x0001a390, Max: 0xffffffff, ABSOLUTE)

    Exec Addr    Load Addr    Size         Type   Attr      Idx    E Section Name        Object

    0x08000000   0x08000000   0x00000130   Data   RO            3    RESET               startup_stm32f10x_hd.o
    0x08000130   0x08000130   0x00000000   Code   RO          222  * .ARM.Collect$$$$00000000  mc_w.l(entry.o)
    0x08000130   0x08000130   0x00000004   Code   RO          244    .ARM.Collect$$$$00000001  mc_w.l(entry2.o)
    0x08000134   0x08000134   0x00000004   Code   RO          247    .ARM.Collect$$$$00000004  mc_w.l(entry5.o)
    0x08000138   0x08000138   0x00000000   Code   RO          249    .ARM.Collect$$$$00000008  mc_w.l(entry7b.o)
    0x08000138   0x08000138   0x00000000   Code   RO          251    .ARM.Collect$$$$0000000A  mc_w.l(entry8b.o)
    0x08000138   0x08000138   0x00000008   Code   RO          252    .ARM.Collect$$$$0000000B  mc_w.l(entry9a.o)
    0x08000140   0x08000140   0x00000000   Code   RO          254    .ARM.Collect$$$$0000000D  mc_w.l(entry10a.o)
    0x08000140   0x08000140   0x00000000   Code   RO          256    .ARM.Collect$$$$0000000F  mc_w.l(entry11a.o)
    0x08000140   0x08000140   0x00000004   Code   RO          245    .ARM.Collect$$$$00002712  mc_w.l(entry2.o)
    0x08000144   0x08000144   0x00000030   Code   RO            4  * .text               startup_stm32f10x_hd.o
    0x08000174   0x08000174   0x0000031c   Code   RO           10    .text               main.o
    0x08000490   0x08000490   0x0000001a   Code   RO           71    .text               stm32f10x_it.o
    0x080004aa   0x080004aa   0x00000002   PAD
    0x080004ac   0x080004ac   0x0000009c   Code   RO           86    .text               usart1.o
    0x08000548   0x08000548   0x00000138   Code   RO          105    .text               adc.o
    0x08000680   0x08000680   0x00000330   Code   RO          120    .text               stm32f10x_gpio.o
    0x080009b0   0x080009b0   0x000003a0   Code   RO          132    .text               stm32f10x_rcc.o
    0x08000d50   0x08000d50   0x00000370   Code   RO          146    .text               stm32f10x_usart.o
    0x080010c0   0x080010c0   0x00000430   Code   RO          158    .text               stm32f10x_adc.o
    0x080014f0   0x080014f0   0x00000240   Code   RO          170    .text               stm32f10x_dma.o
    0x08001730   0x08001730   0x00000138   Code   RO          204    .text               system_stm32f10x.o
    0x08001868   0x08001868   0x00000024   Code   RO          228    .text               mc_w.l(memcpya.o)
    0x0800188c   0x0800188c   0x0000014e   Code   RO          232    .text               mf_w.l(dadd.o)
    0x080019da   0x080019da   0x000000e4   Code   RO          234    .text               mf_w.l(dmul.o)
    0x08001abe   0x08001abe   0x000000de   Code   RO          236    .text               mf_w.l(ddiv.o)
    0x08001b9c   0x08001b9c   0x0000001a   Code   RO          238    .text               mf_w.l(dfltui.o)
    0x08001bb6   0x08001bb6   0x0000003e   Code   RO          240    .text               mf_w.l(dfixi.o)
    0x08001bf4   0x08001bf4   0x00000032   Code   RO          242    .text               mf_w.l(dfixui.o)
    0x08001c26   0x08001c26   0x0000001e   Code   RO          258    .text               mc_w.l(llshl.o)
    0x08001c44   0x08001c44   0x00000020   Code   RO          260    .text               mc_w.l(llushr.o)
    0x08001c64   0x08001c64   0x00000024   Code   RO          262    .text               mc_w.l(llsshr.o)
    0x08001c88   0x08001c88   0x00000000   Code   RO          264    .text               mc_w.l(iusefp.o)
    0x08001c88   0x08001c88   0x000000ba   Code   RO          265    .text               mf_w.l(depilogue.o)
    0x08001d42   0x08001d42   0x00000002   PAD
    0x08001d44   0x08001d44   0x00000024   Code   RO          267    .text               mc_w.l(init.o)
    0x08001d68   0x08001d68   0x0000000e   Code   RO          271    i.__scatterload_copy  mc_w.l(handlers.o)
    0x08001d76   0x08001d76   0x00000002   Code   RO          272    i.__scatterload_null  mc_w.l(handlers.o)
    0x08001d78   0x08001d78   0x0000000e   Code   RO          273    i.__scatterload_zeroinit  mc_w.l(handlers.o)
    0x08001d86   0x08001d86   0x00000004   Code   RO          225    i.putc              mc_w.l(putc.o)
    0x08001d8a   0x08001d8a   0x00000002   PAD
    0x08001d8c   0x08001d8c   0x000185e4   Data   RO           11    .constdata          main.o
    0x0801a370   0x0801a370   0x00000020   Data   RO          269    Region$$Table       anon$$obj.o


    Execution Region ER_RW (Exec base: 0x20000000, Load base: 0x0801a390, Size: 0x0000001c, Max: 0xffffffff, ABSOLUTE)

    Exec Addr    Load Addr    Size         Type   Attr      Idx    E Section Name        Object

    0x20000000   0x0801a390   0x00000004   Data   RW          106    .data               adc.o
    0x20000004   0x0801a394   0x00000014   Data   RW          133    .data               stm32f10x_rcc.o
    0x20000018   0x0801a3a8   0x00000004   Data   RW          227    .data               mc_w.l(stdout.o)


    Execution Region ER_ZI (Exec base: 0x2000001c, Load base: 0x0801a3ac, Size: 0x00000204, Max: 0xffffffff, ABSOLUTE)

    Exec Addr    Load Addr    Size         Type   Attr      Idx    E Section Name        Object

    0x2000001c   0x0801a3ac   0x00000004   PAD
    0x20000020        -       0x00000200   Zero   RW            1    STACK               startup_stm32f10x_hd.o


==============================================================================

Image component sizes


      Code (inc. data)   RO Data    RW Data    ZI Data      Debug   Object Name

       312         16          0          4          0       1375   adc.o
       796        102      99812          0          0     245537   main.o
        48         12        304          0        512        872   startup_stm32f10x_hd.o
      1072         20          0          0          0      10849   stm32f10x_adc.o
       576         16          0          0          0       3455   stm32f10x_dma.o
       816         18          0          0          0       5163   stm32f10x_gpio.o
        26          0          0          0          0       1166   stm32f10x_it.o
       928         36          0         20          0       8780   stm32f10x_rcc.o
       880         12          0          0          0       7787   stm32f10x_usart.o
       312         16          0          0          0       1133   system_stm32f10x.o
       156         10          0          0          0       2550   usart1.o

    ----------------------------------------------------------------------
      5924        258     100148         24        512     288667   Object Totals
         0          0         32          0          0          0   (incl. Generated)
         2          0          0          0          0          0   (incl. Padding)

    ----------------------------------------------------------------------

      Code (inc. data)   RO Data    RW Data    ZI Data      Debug   Library Member Name

         0          0          0          0          0          0   entry.o
         0          0          0          0          0          0   entry10a.o
         0          0          0          0          0          0   entry11a.o
         8          4          0          0          0          0   entry2.o
         4          0          0          0          0          0   entry5.o
         0          0          0          0          0          0   entry7b.o
         0          0          0          0          0          0   entry8b.o
         8          4          0          0          0          0   entry9a.o
        30          0          0          0          0          0   handlers.o
        36          8          0          0          0         68   init.o
         0          0          0          0          0          0   iusefp.o
        30          0          0          0          0         68   llshl.o
        36          0          0          0          0         68   llsshr.o
        32          0          0          0          0         68   llushr.o
        36          0          0          0          0         68   memcpya.o
         4          0          0          0          0         68   putc.o
         0          0          0          4          0          0   stdout.o
       334          0          0          0          0        148   dadd.o
       222          0          0          0          0        100   ddiv.o
       186          0          0          0          0        176   depilogue.o
        62          0          0          0          0         80   dfixi.o
        50          0          0          0          0         76   dfixui.o
        26          0          0          0          0         76   dfltui.o
       228          0          0          0          0         96   dmul.o

    ----------------------------------------------------------------------
      1336         16          0          4          4       1160   Library Totals
         4          0          0          0          4          0   (incl. Padding)

    ----------------------------------------------------------------------

      Code (inc. data)   RO Data    RW Data    ZI Data      Debug   Library Name

       224         16          0          4          0        408   mc_w.l
      1108          0          0          0          0        752   mf_w.l

    ----------------------------------------------------------------------
      1336         16          0          4          4       1160   Library Totals

    ----------------------------------------------------------------------

==============================================================================


      Code (inc. data)   RO Data    RW Data    ZI Data      Debug   

      7260        274     100148         28        516     288471   Grand Totals
      7260        274     100148         28        516     288471   ELF Image Totals
      7260        274     100148         28          0          0   ROM Totals

==============================================================================

    Total RO  Size (Code + RO Data)               107408 ( 104.89kB)
    Total RW  Size (RW Data + ZI Data)               544 (   0.53kB)
    Total ROM Size (Code + RO Data + RW Data)     107436 ( 104.92kB)

==============================================================================

